Loaded songs: 18


>>> EVALUATING PROFILE: High-Energy Pop <<<
Targets: {'genre': 'pop', 'mood': 'happy', 'energy': 0.9}

[ Top Recommendations ]
==================================================
#1 | Sunrise City by Neon Echo
   Score: 3.92 Pts
   Why: Genre match (+2.0), Mood match (+1.0), Energy match (+0.92)
--------------------------------------------------
#2 | Gym Hero by Max Pulse
   Score: 2.97 Pts
   Why: Genre match (+2.0), Energy match (+0.97)
--------------------------------------------------
#3 | Rooftop Lights by Indigo Parade
   Score: 1.86 Pts
   Why: Mood match (+1.0), Energy match (+0.86)
--------------------------------------------------
#4 | Storm Runner by Voltline
   Score: 0.99 Pts
   Why: Energy match (+0.99)
--------------------------------------------------
#5 | Cybernetic Heart by Glitch Mobster
   Score: 0.98 Pts
   Why: Energy match (+0.98)
--------------------------------------------------


>>> EVALUATING PROFILE: Chill Lofi <<<
Targets: {'genre': 'lofi', 'mood': 'chill', 'energy': 0.35}

[ Top Recommendations ]
==================================================
#1 | Library Rain by Paper Lanterns
   Score: 4.00 Pts
   Why: Genre match (+2.0), Mood match (+1.0), Energy match (+1.00)
--------------------------------------------------
#2 | Midnight Coding by LoRoom
   Score: 3.93 Pts
   Why: Genre match (+2.0), Mood match (+1.0), Energy match (+0.93)
--------------------------------------------------
#3 | Focus Flow by LoRoom
   Score: 2.95 Pts
   Why: Genre match (+2.0), Energy match (+0.95)
--------------------------------------------------
#4 | Spacewalk Thoughts by Orbit Bloom
   Score: 1.93 Pts
   Why: Mood match (+1.0), Energy match (+0.93)
--------------------------------------------------
#5 | Coffee Shop Stories by Slow Stereo
   Score: 0.98 Pts
   Why: Energy match (+0.98)
--------------------------------------------------


>>> EVALUATING PROFILE: Deep Intense Rock <<<
Targets: {'genre': 'rock', 'mood': 'intense', 'energy': 0.95}

[ Top Recommendations ]
==================================================
#1 | Storm Runner by Voltline
   Score: 3.96 Pts
   Why: Genre match (+2.0), Mood match (+1.0), Energy match (+0.96)
--------------------------------------------------
#2 | Gym Hero by Max Pulse
   Score: 1.98 Pts
   Why: Mood match (+1.0), Energy match (+0.98)
--------------------------------------------------
#3 | Neon Trance by DJ Pulse
   Score: 1.00 Pts
   Why: Energy match (+1.00)
--------------------------------------------------
#4 | Shattered Glass by Iron Vengeance
   Score: 0.97 Pts
   Why: Energy match (+0.97)
--------------------------------------------------
#5 | Cybernetic Heart by Glitch Mobster
   Score: 0.93 Pts
   Why: Energy match (+0.93)
--------------------------------------------------


>>> EVALUATING PROFILE: Adversarial / Conflicted <<<
Targets: {'genre': 'classical', 'mood': 'sad', 'energy': 0.99, 'danceability': 0.9}

[ Top Recommendations ]
==================================================
#1 | Moonlight Sonata by Classicist
   Score: 3.43 Pts
   Why: Genre match (+2.0), Mood match (+1.0), Energy match (+0.13), Danceability match (+0.30)
--------------------------------------------------
#2 | Gym Hero by Max Pulse
   Score: 1.92 Pts
   Why: Energy match (+0.94), Danceability match (+0.98)
--------------------------------------------------
#3 | Neon Trance by DJ Pulse
   Score: 1.91 Pts
   Why: Energy match (+0.96), Danceability match (+0.95)
--------------------------------------------------
#4 | Street Anthem by MC Verse
   Score: 1.84 Pts
   Why: Energy match (+0.86), Danceability match (+0.98)
--------------------------------------------------
#5 | Sunrise City by Neon Echo
   Score: 1.72 Pts
   Why: Energy match (+0.83), Danceability match (+0.89)
--------------------------------------------------
